# name: test_create_local_server_xml
  '<MaltegoServer description="Local transforms hosted on this machine" enabled="true" name="Local" url="http://localhost"><LastSync>2022-08-10 07:52:45 UTC</LastSync><Protocol version="0.0"></Protocol><Authentication type="none"></Authentication><Transforms><Transform name="to_lower"></Transform><Transform name="to_upper"></Transform><Transform name="to_title"></Transform></Transforms><Seeds></Seeds></MaltegoServer>'
# ---
# name: test_create_settings_xml[kwargs0]
  '<TransformSettings disclaimerAccepted="false" enabled="true" favorite="false" runWithAll="true" showHelp="true"><Properties><Property name="transform.local.command" popup="false" type="string">python3</Property><Property name="transform.local.parameters" popup="false" type="string">project.py</Property><Property name="transform.local.working-directory" popup="false" type="string">.</Property><Property name="transform.local.debug" popup="false" type="boolean">true</Property></Properties></TransformSettings>'
# ---
# name: test_create_settings_xml[kwargs1]
  '<TransformSettings disclaimerAccepted="false" enabled="true" favorite="false" runWithAll="true" showHelp="true"><Properties><Property name="transform.local.command" popup="false" type="string">venv/bin/python3</Property><Property name="transform.local.parameters" popup="false" type="string">main.py</Property><Property name="transform.local.working-directory" popup="false" type="string">~/project/maltego</Property><Property name="transform.local.debug" popup="false" type="boolean">false</Property></Properties></TransformSettings>'
# ---
# name: test_create_transform_set_xml[kwargs0]
  '<TransformSet description="Basic text transforms" name="text_transforms"><Transforms><Transform name="to_lower"></Transform><Transform name="to_upper"></Transform><Transform name="to_title"></Transform></Transforms></TransformSet>'
# ---
# name: test_create_transform_set_xml[kwargs1]
  '<TransformSet description="Name Transforms" name="name_transforms"><Transforms><Transform name="remove_lastname"></Transform><Transform name="expand_middle_name"></Transform><Transform name="to_initials"></Transform></Transforms></TransformSet>'
# ---
# name: test_create_transform_xml[kwargs0]
  '<MaltegoTransform abstract="false" author="Maltego Team" description="Converts the input to lowercase" displayName="To Lower" name="to_lower" requireDisplayInfo="false" template="false" visibility="public"><TransformAdapter>com.paterva.maltego.transform.protocol.v2api.LocalTransformAdapterV2</TransformAdapter><Properties><Fields><Property abstract="false" auth="false" description="The command to execute for this transform" displayName="Command line" hidden="false" name="transform.local.command" nullable="false" popup="false" readonly="false" type="string" visibility="public"></Property><Property abstract="false" auth="false" description="The parameters to pass to the transform command" displayName="Command parameters" hidden="false" name="transform.local.parameters" nullable="true" popup="false" readonly="false" type="string" visibility="public"></Property><Property abstract="false" auth="false" description="The working directory used when invoking the executable" displayName="Working directory" hidden="false" name="transform.local.working-directory" nullable="true" popup="false" readonly="false" type="string" visibility="public"></Property><Property abstract="false" auth="false" description="When this is set, the transform\'s text output will be printed to the output window" displayName="Show debug info" hidden="false" name="transform.local.debug" nullable="true" popup="false" readonly="false" type="boolean" visibility="public"></Property></Fields></Properties><InputConstraints><Entity max="1" min="1" type="maltego.Phrase"></Entity></InputConstraints><OutputEntities></OutputEntities><defaultSets></defaultSets><StealthLevel>0</StealthLevel></MaltegoTransform>'
# ---
# name: test_create_transform_xml[kwargs1]
  '<MaltegoTransform abstract="false" author="Maltego Organization" description="Converts the input to uppercase" displayName="To Upper" name="to_upper" requireDisplayInfo="false" template="false" visibility="public"><TransformAdapter>com.paterva.maltego.transform.protocol.v2api.LocalTransformAdapterV2</TransformAdapter><Properties><Fields><Property abstract="false" auth="false" description="The command to execute for this transform" displayName="Command line" hidden="false" name="transform.local.command" nullable="false" popup="false" readonly="false" type="string" visibility="public"></Property><Property abstract="false" auth="false" description="The parameters to pass to the transform command" displayName="Command parameters" hidden="false" name="transform.local.parameters" nullable="true" popup="false" readonly="false" type="string" visibility="public"></Property><Property abstract="false" auth="false" description="The working directory used when invoking the executable" displayName="Working directory" hidden="false" name="transform.local.working-directory" nullable="true" popup="false" readonly="false" type="string" visibility="public"></Property><Property abstract="false" auth="false" description="When this is set, the transform\'s text output will be printed to the output window" displayName="Show debug info" hidden="false" name="transform.local.debug" nullable="true" popup="false" readonly="false" type="boolean" visibility="public"></Property></Fields></Properties><InputConstraints><Entity max="1" min="1" type="maltego.Text"></Entity></InputConstraints><OutputEntities></OutputEntities><defaultSets></defaultSets><StealthLevel>0</StealthLevel></MaltegoTransform>'
# ---
